[info   ] UserConfig: Could not read user config file '/home/student/snap/supertuxkart/678/.config/supertuxkart/config-0.10/config.xml'.  A new file will be created.
[info   ] [FileManager]: Data files will be fetched from: '/snap/supertuxkart/678/usr/share/supertuxkart/data/'
[info   ] [FileManager]: User directory is '/home/student/snap/supertuxkart/678/.config/supertuxkart/config-0.10/'.
[info   ] [FileManager]: Addons files will be stored in '/home/student/snap/supertuxkart/678/.local/share/supertuxkart/addons/'.
[info   ] [FileManager]: Screenshots will be stored in '/home/student/snap/supertuxkart/678/.local/share/supertuxkart/screenshots/'.
[info   ] [FileManager]: User-defined grand prix will be stored in '/home/student/snap/supertuxkart/678/.local/share/supertuxkart/grandprix/'.
[info   ] [FileManager]: Asset 0 will be loaded from '/snap/supertuxkart/678/usr/share/supertuxkart/data/challenges/'.
[info   ] [FileManager]: Asset 1 will be loaded from '/snap/supertuxkart/678/usr/share/supertuxkart/data/gfx/'.
[info   ] [FileManager]: Asset 2 will be loaded from '/snap/supertuxkart/678/usr/share/supertuxkart/data/grandprix/'.
[info   ] [FileManager]: Asset 3 will be loaded from '/snap/supertuxkart/678/usr/share/supertuxkart/data/gui/icons/'.
[info   ] [FileManager]: Asset 4 will be loaded from '/snap/supertuxkart/678/usr/share/supertuxkart/data/gui/screens/'.
[info   ] [FileManager]: Asset 5 will be loaded from '/snap/supertuxkart/678/usr/share/supertuxkart/data/gui/dialogs/'.
[info   ] [FileManager]: Asset 6 will be loaded from '/snap/supertuxkart/678/usr/share/supertuxkart/data/replay/'.
[info   ] [FileManager]: Asset 7 will be loaded from '/snap/supertuxkart/678/usr/share/supertuxkart/data/shaders/'.
[info   ] [FileManager]: Asset 8 will be loaded from '/snap/supertuxkart/678/usr/share/supertuxkart/data/skins/'.
[info   ] [FileManager]: Asset 9 will be loaded from '/snap/supertuxkart/678/usr/share/supertuxkart/data/ttf/'.
[info   ] [FileManager]: Asset 10 will be loaded from '/snap/supertuxkart/678/usr/share/supertuxkart/data/po/'.
[info   ] [FileManager]: Asset 11 will be loaded from '/snap/supertuxkart/678/usr/share/supertuxkart/data/library/'.
[info   ] [FileManager]: Asset 12 will be loaded from '/snap/supertuxkart/678/usr/share/supertuxkart/data/models/'.
[info   ] [FileManager]: Asset 13 will be loaded from '/snap/supertuxkart/678/usr/share/supertuxkart/data/music/'.
[info   ] [FileManager]: Asset 14 will be loaded from '/snap/supertuxkart/678/usr/share/supertuxkart/data/sfx/'.
[info   ] [FileManager]: Asset 15 will be loaded from '/snap/supertuxkart/678/usr/share/supertuxkart/data/textures/'.
[info   ] [FileManager]: Asset 16 will be loaded from '/snap/supertuxkart/678/usr/share/supertuxkart/data/tracks/'.
[verbose  ] translation: Env var LANGUAGE = 'en_IN:en'.
[verbose  ] translation: Language 'English'.
[info   ] ServerConfig: Could not read server config file '/home/student/snap/supertuxkart/678/.config/supertuxkart/config-0.10/server_config.xml'. A new file will be created.
[info   ] [IrrDriver Logger]: ..:: Antarctica Rendering Engine 2.0 ::..
[info   ] [IrrDriver Logger]: Compiled SDL Version 2.30.0
[info   ] [IrrDriver Logger]: Current SDL Version 2.30.0
[info   ] [IrrDriver Logger]: Using renderer: OpenGL 4.6
[info   ] [IrrDriver Logger]: Mesa Intel(R) UHD Graphics 770 (ADL-S GT1): Intel
[info   ] [IrrDriver Logger]: OpenGL driver version is 1.2 or better.
[info   ] [IrrDriver Logger]: GLSL version: 4.6
[info   ] IrrDriver: OpenGL version: 4.6
[info   ] IrrDriver: OpenGL vendor: Intel
[info   ] IrrDriver: OpenGL renderer: Mesa Intel(R) UHD Graphics 770 (ADL-S GT1)
[info   ] IrrDriver: OpenGL version string: 4.6 (Core Profile) Mesa 25.0.7-0ubuntu0.24.04.2
[info   ] GLDriver: ARB Buffer Storage Present
[info   ] GLDriver: ARB Compute Shader Present
[info   ] GLDriver: ARB Arrays of Arrays Present
[info   ] GLDriver: ARB Texture Storage Present
[info   ] GLDriver: ARB Texture View Present
[info   ] GLDriver: ARB Image Load Store Present
[info   ] GLDriver: ARB Shader Atomic Counters Present
[info   ] GLDriver: ARB Shader Storage Buffer Object Present
[info   ] GLDriver: EXT Texture Compression S3TC Present
[info   ] GLDriver: ARB Uniform Buffer Object Present
[info   ] GLDriver: ARB Explicit Attrib Location Present
[info   ] GLDriver: EXT Texture Filter Anisotropic Present
[info   ] GLDriver: Geometry Shaders Present
[info   ] GLDriver: ARB Texture Buffer Object Present
[info   ] GLDriver: ARB Texture Swizzle Present
[info   ] GLDriver: ARB Pixel Buffer Object Present
[info   ] GLDriver: ARB Sampler Objects Present
[info   ] GLDriver: ARB Vertex Type 2_10_10_10_rev Present
[info   ] GLDriver: ARB Instanced Arrays Present
[info   ] SharedGPUObjects: Hardware Skinning enabled, method: TBO, max bones: 2048
[info   ] ShaderFilesManager: Compiling shader: /snap/supertuxkart/678/usr/share/supertuxkart/data/shaders/screenquad.vert
[info   ] ShaderFilesManager: Compiling shader: /snap/supertuxkart/678/usr/share/supertuxkart/data/shaders/motion_blur.frag
[info   ] ShaderFilesManager: Compiling shader: /snap/supertuxkart/678/usr/share/supertuxkart/data/shaders/lightning.frag
[info   ] ShaderFilesManager: Compiling shader: /snap/supertuxkart/678/usr/share/supertuxkart/data/shaders/primitive2dlist.vert
[info   ] ShaderFilesManager: Compiling shader: /snap/supertuxkart/678/usr/share/supertuxkart/data/shaders/transparent.frag
[info   ] ShaderFilesManager: Compiling shader: /snap/supertuxkart/678/usr/share/supertuxkart/data/shaders/texturedquad.vert
[info   ] ShaderFilesManager: Compiling shader: /snap/supertuxkart/678/usr/share/supertuxkart/data/shaders/uniformcolortexturedquad.frag
[info   ] ShaderFilesManager: Compiling shader: /snap/supertuxkart/678/usr/share/supertuxkart/data/shaders/texturedquad.frag
[info   ] ShaderFilesManager: Compiling shader: /snap/supertuxkart/678/usr/share/supertuxkart/data/shaders/coloredquad.vert
[info   ] ShaderFilesManager: Compiling shader: /snap/supertuxkart/678/usr/share/supertuxkart/data/shaders/coloredquad.frag
[info   ] ShaderFilesManager: Compiling shader: /snap/supertuxkart/678/usr/share/supertuxkart/data/shaders/colortexturedquad.vert
[info   ] ShaderFilesManager: Compiling shader: /snap/supertuxkart/678/usr/share/supertuxkart/data/shaders/colortexturedquad.frag
[info   ] irr_driver: GLSL supported.
[info   ] GUI: Loading skin data from file: /snap/supertuxkart/678/usr/share/supertuxkart/data/skins/classic/stkskin.xml
[info   ] ShaderFilesManager: Compiling shader: /snap/supertuxkart/678/usr/share/supertuxkart/data/shaders/sp_pass.vert
[info   ] ShaderFilesManager: Compiling shader: /snap/supertuxkart/678/usr/share/supertuxkart/data/shaders/sp_solid.frag
[info   ] ShaderFilesManager: Compiling shader: /snap/supertuxkart/678/usr/share/supertuxkart/data/shaders/sp_shadow.vert
[info   ] ShaderFilesManager: Compiling shader: /snap/supertuxkart/678/usr/share/supertuxkart/data/shaders/white.frag
[info   ] ShaderFilesManager: Compiling shader: /snap/supertuxkart/678/usr/share/supertuxkart/data/shaders/sp_skinning.vert
[info   ] ShaderFilesManager: Compiling shader: /snap/supertuxkart/678/usr/share/supertuxkart/data/shaders/sp_skinning_shadow.vert
[info   ] ShaderFilesManager: Compiling shader: /snap/supertuxkart/678/usr/share/supertuxkart/data/shaders/sp_normal_map.frag
[info   ] ShaderFilesManager: Compiling shader: /snap/supertuxkart/678/usr/share/supertuxkart/data/shaders/sp_alpha_test.frag
[info   ] ShaderFilesManager: Compiling shader: /snap/supertuxkart/678/usr/share/supertuxkart/data/shaders/sp_shadow_alpha_test.frag
[info   ] ShaderFilesManager: Compiling shader: /snap/supertuxkart/678/usr/share/supertuxkart/data/shaders/sp_decal.frag
[info   ] ShaderFilesManager: Compiling shader: /snap/supertuxkart/678/usr/share/supertuxkart/data/shaders/sp_grass_pass.vert
[info   ] ShaderFilesManager: Compiling shader: /snap/supertuxkart/678/usr/share/supertuxkart/data/shaders/sp_grass.frag
[info   ] ShaderFilesManager: Compiling shader: /snap/supertuxkart/678/usr/share/supertuxkart/data/shaders/sp_grass_shadow.vert
[info   ] ShaderFilesManager: Compiling shader: /snap/supertuxkart/678/usr/share/supertuxkart/data/shaders/sp_unlit.frag
[info   ] ShaderFilesManager: Compiling shader: /snap/supertuxkart/678/usr/share/supertuxkart/data/shaders/sp_transparent.frag
[info   ] ShaderFilesManager: Compiling shader: /snap/supertuxkart/678/usr/share/supertuxkart/data/shaders/sp_ghost.frag
[info   ] ShaderFilesManager: Compiling shader: /snap/supertuxkart/678/usr/share/supertuxkart/data/shaders/sp_dynamic_night_bloom.frag
[info   ] ShaderFilesManager: Compiling shader: /snap/supertuxkart/678/usr/share/supertuxkart/data/shaders/sp_tilling_mitigation.frag
[info   ] ShaderFilesManager: Compiling shader: /snap/supertuxkart/678/usr/share/supertuxkart/data/shaders/sp_vertical_mapping.frag
[info   ] ShaderFilesManager: Compiling shader: /snap/supertuxkart/678/usr/share/supertuxkart/data/shaders/sp_road_blending.frag
[info   ] [FileManager]: Creating directory(ies) '/home/student/snap/supertuxkart/common/.cache/supertuxkart/cached-textures/hd/textures'
[info   ] FileManager: Creating directory '/home/student/snap/supertuxkart/common/.cache/supertuxkart/cached-textures/hd/'.
[info   ] FileManager: Creating directory '/home/student/snap/supertuxkart/common/.cache/supertuxkart/cached-textures/hd/textures/'.
[info   ] ShaderFilesManager: Compiling shader: /snap/supertuxkart/678/usr/share/supertuxkart/data/shaders/sp_displace_ssr.frag
[info   ] ShaderFilesManager: Compiling shader: /snap/supertuxkart/678/usr/share/supertuxkart/data/shaders/sp_displace.frag
[info   ] ShaderFilesManager: Compiling shader: /snap/supertuxkart/678/usr/share/supertuxkart/data/shaders/colorize.frag
[info   ] ShaderFilesManager: Compiling shader: /snap/supertuxkart/678/usr/share/supertuxkart/data/shaders/sp_normal_visualizer.vert
[info   ] ShaderFilesManager: Compiling shader: /snap/supertuxkart/678/usr/share/supertuxkart/data/shaders/sp_normal_visualizer.geom
[info   ] ShaderFilesManager: Compiling shader: /snap/supertuxkart/678/usr/share/supertuxkart/data/shaders/sp_normal_visualizer.frag
[info   ] player_manager: A new players.xml file will be created.
[error  ] SFXBuffer: Positional audio is not supported with stereo files, but /snap/supertuxkart/678/usr/share/supertuxkart/data/sfx/WilhelmScream.ogg is stereo
[error  ] SFXBuffer: Positional audio is not supported with stereo files, but /snap/supertuxkart/678/usr/share/supertuxkart/data/sfx/car_revup.ogg is stereo
[info   ] Highscore Manager: New highscore file '/home/student/snap/supertuxkart/678/.config/supertuxkart/config-0.10/highscore.xml' created.

[info   ] GrandPrixManager: Loading Grand Prix files from /snap/supertuxkart/678/usr/share/supertuxkart/data/grandprix/
[info   ] GrandPrixManager: Loading Grand Prix files from /home/student/snap/supertuxkart/678/.local/share/supertuxkart/grandprix/
[info   ] [FileManager]: Creating directory(ies) '/home/student/snap/supertuxkart/common/.cache/supertuxkart/cached-textures/hd/karts/adiumy'
[info   ] FileManager: Creating directory '/home/student/snap/supertuxkart/common/.cache/supertuxkart/cached-textures/hd/karts/'.
[info   ] FileManager: Creating directory '/home/student/snap/supertuxkart/common/.cache/supertuxkart/cached-textures/hd/karts/adiumy/'.
[info   ] [FileManager]: Creating directory(ies) '/home/student/snap/supertuxkart/common/.cache/supertuxkart/cached-textures/hd/karts/amanda'
[info   ] FileManager: Creating directory '/home/student/snap/supertuxkart/common/.cache/supertuxkart/cached-textures/hd/karts/amanda/'.
[info   ] [FileManager]: Creating directory(ies) '/home/student/snap/supertuxkart/common/.cache/supertuxkart/cached-textures/hd/karts/beastie'
[info   ] FileManager: Creating directory '/home/student/snap/supertuxkart/common/.cache/supertuxkart/cached-textures/hd/karts/beastie/'.
[info   ] [FileManager]: Creating directory(ies) '/home/student/snap/supertuxkart/common/.cache/supertuxkart/cached-textures/hd/karts/emule'
[info   ] FileManager: Creating directory '/home/student/snap/supertuxkart/common/.cache/supertuxkart/cached-textures/hd/karts/emule/'.
[info   ] [FileManager]: Creating directory(ies) '/home/student/snap/supertuxkart/common/.cache/supertuxkart/cached-textures/hd/karts/gavroche'
[info   ] FileManager: Creating directory '/home/student/snap/supertuxkart/common/.cache/supertuxkart/cached-textures/hd/karts/gavroche/'.
[warn   ] Material: Missing container id for gnu_accessories.png, no texture compression for it will be done.
[info   ] [FileManager]: Creating directory(ies) '/home/student/snap/supertuxkart/common/.cache/supertuxkart/cached-textures/hd/karts/gnu'
[info   ] FileManager: Creating directory '/home/student/snap/supertuxkart/common/.cache/supertuxkart/cached-textures/hd/karts/gnu/'.
[info   ] [FileManager]: Creating directory(ies) '/home/student/snap/supertuxkart/common/.cache/supertuxkart/cached-textures/hd/karts/hexley'
[info   ] FileManager: Creating directory '/home/student/snap/supertuxkart/common/.cache/supertuxkart/cached-textures/hd/karts/hexley/'.
[info   ] [FileManager]: Creating directory(ies) '/home/student/snap/supertuxkart/common/.cache/supertuxkart/cached-textures/hd/karts/kiki'
[info   ] FileManager: Creating directory '/home/student/snap/supertuxkart/common/.cache/supertuxkart/cached-textures/hd/karts/kiki/'.
[info   ] [FileManager]: Creating directory(ies) '/home/student/snap/supertuxkart/common/.cache/supertuxkart/cached-textures/hd/karts/konqi'
[info   ] FileManager: Creating directory '/home/student/snap/supertuxkart/common/.cache/supertuxkart/cached-textures/hd/karts/konqi/'.
[warn   ] SPMeshBuffer: kartDirt shader is missing, fallback to solid
[info   ] [FileManager]: Creating directory(ies) '/home/student/snap/supertuxkart/common/.cache/supertuxkart/cached-textures/hd/karts/nolok'
[info   ] FileManager: Creating directory '/home/student/snap/supertuxkart/common/.cache/supertuxkart/cached-textures/hd/karts/nolok/'.
[warn   ] SPMeshBuffer: kartDirt shader is missing, fallback to solid
[warn   ] SPMeshBuffer: kartDirt shader is missing, fallback to solid
[warn   ] SPMeshBuffer: kartDirt shader is missing, fallback to solid
[warn   ] SPMeshBuffer: kartDirt shader is missing, fallback to solid
[info   ] [FileManager]: Creating directory(ies) '/home/student/snap/supertuxkart/common/.cache/supertuxkart/cached-textures/hd/karts/pidgin'
[info   ] FileManager: Creating directory '/home/student/snap/supertuxkart/common/.cache/supertuxkart/cached-textures/hd/karts/pidgin/'.
[info   ] [FileManager]: Creating directory(ies) '/home/student/snap/supertuxkart/common/.cache/supertuxkart/cached-textures/hd/karts/puffy'
[info   ] FileManager: Creating directory '/home/student/snap/supertuxkart/common/.cache/supertuxkart/cached-textures/hd/karts/puffy/'.
[warn   ] Material: Missing container id for Pepper_lamp_diff.png, no texture compression for it will be done.
[info   ] [FileManager]: Creating directory(ies) '/home/student/snap/supertuxkart/common/.cache/supertuxkart/cached-textures/hd/karts/sara_the_racer'
[info   ] FileManager: Creating directory '/home/student/snap/supertuxkart/common/.cache/supertuxkart/cached-textures/hd/karts/sara_the_racer/'.
[info   ] [FileManager]: Creating directory(ies) '/home/student/snap/supertuxkart/common/.cache/supertuxkart/cached-textures/hd/karts/sara_the_wizard'
[info   ] FileManager: Creating directory '/home/student/snap/supertuxkart/common/.cache/supertuxkart/cached-textures/hd/karts/sara_the_wizard/'.
[info   ] [FileManager]: Creating directory(ies) '/home/student/snap/supertuxkart/common/.cache/supertuxkart/cached-textures/hd/karts/suzanne'
[info   ] FileManager: Creating directory '/home/student/snap/supertuxkart/common/.cache/supertuxkart/cached-textures/hd/karts/suzanne/'.
[info   ] [FileManager]: Creating directory(ies) '/home/student/snap/supertuxkart/common/.cache/supertuxkart/cached-textures/hd/karts/tux'
[info   ] FileManager: Creating directory '/home/student/snap/supertuxkart/common/.cache/supertuxkart/cached-textures/hd/karts/tux/'.
[info   ] [FileManager]: Creating directory(ies) '/home/student/snap/supertuxkart/common/.cache/supertuxkart/cached-textures/hd/karts/wilber'
[info   ] FileManager: Creating directory '/home/student/snap/supertuxkart/common/.cache/supertuxkart/cached-textures/hd/karts/wilber/'.
[info   ] [FileManager]: Creating directory(ies) '/home/student/snap/supertuxkart/common/.cache/supertuxkart/cached-textures/hd/karts/xue'
[info   ] FileManager: Creating directory '/home/student/snap/supertuxkart/common/.cache/supertuxkart/cached-textures/hd/karts/xue/'.
[info   ] [FileManager]: Creating directory(ies) '/home/student/snap/supertuxkart/common/.cache/supertuxkart/cached-textures/hd/models'
[info   ] FileManager: Creating directory '/home/student/snap/supertuxkart/common/.cache/supertuxkart/cached-textures/hd/models/'.
[info   ] HTTPRequest: Downloading https://online.supertuxkart.net/dl/xml/online_news.xml
[info   ] addons: Downloading updated addons.xml.
[info   ] HTTPRequest: Downloading https://online.supertuxkart.net/dl/xml/online_assets.xml
[verbose  ] Thread: Start waiting 1438037.740000
[verbose  ] Thread: Waited 0.010000 seconds for thread to become deleteable.
[verbose  ] Thread: Stop waiting 1438037.750000
[verbose  ] Thread: Start waiting 1438037.754000
[error  ] HTTPRequest: Request failed with error code 42: Operation was aborted by an application callback
[error  ] addons: Error on download addons.xml: Operation was aborted by an application callback.
[verbose  ] Thread: Waited 0.020000 seconds for thread to become deleteable.
[verbose  ] Thread: Stop waiting 1438037.774000
[info   ] Singleton: Destroyed singleton.
[info   ] Singleton: Destroyed singleton.
[info   ] Singleton: Destroyed singleton.
[info   ] Singleton: Destroyed singleton.
[info   ] Singleton: Destroyed singleton.
[info   ] Singleton: Destroyed singleton.
[info   ] Singleton: Destroyed singleton.
[info   ] Singleton: Destroyed singleton.
[info   ] Singleton: Destroyed singleton.
[info   ] Singleton: Destroyed singleton.
